
==========================================================================
finish report_tns
--------------------------------------------------------------------------
tns max 0.00

==========================================================================
finish report_wns
--------------------------------------------------------------------------
wns max 0.00

==========================================================================
finish report_worst_slack
--------------------------------------------------------------------------
worst slack max 3.19

==========================================================================
finish report_clock_skew
--------------------------------------------------------------------------
Clock core_clock
   0.29 source latency genblk1[3].pipe.counter[1]$_SDFFE_PP0P_/CLK ^
  -0.31 target latency genblk1[3].pipe.counter[3]$_SDFFE_PP0P_/CLK ^
   0.00 CRPR
--------------
  -0.01 setup skew


==========================================================================
finish report_checks -path_delay min
--------------------------------------------------------------------------
Startpoint: genblk1[0].pipe.result[15]$_DFFE_PP_
            (rising edge-triggered flip-flop clocked by core_clock)
Endpoint: genblk1[0].pipe.result[15]$_DFFE_PP_
          (rising edge-triggered flip-flop clocked by core_clock)
Path Group: core_clock
Path Type: min

Fanout     Cap    Slew   Delay    Time   Description
-----------------------------------------------------------------------------
                          0.00    0.00   clock core_clock (rise edge)
                          0.00    0.00   clock source latency
     1    0.02    0.00    0.00    0.00 ^ clk (in)
                                         clk (net)
                  0.00    0.00    0.00 ^ clkbuf_0_clk/A (sg13g2_buf_8)
    16    0.33    0.17    0.16    0.16 ^ clkbuf_0_clk/X (sg13g2_buf_8)
                                         clknet_0_clk (net)
                  0.18    0.01    0.17 ^ clkbuf_4_3_0_clk/A (sg13g2_buf_16)
     5    0.02    0.03    0.12    0.29 ^ clkbuf_4_3_0_clk/X (sg13g2_buf_16)
                                         clknet_4_3_0_clk (net)
                  0.03    0.00    0.29 ^ genblk1[0].pipe.result[15]$_DFFE_PP_/CLK (sg13g2_dfrbp_1)
     2    0.01    0.03    0.20    0.50 v genblk1[0].pipe.result[15]$_DFFE_PP_/Q (sg13g2_dfrbp_1)
                                         net42 (net)
                  0.03    0.00    0.50 v _0753_/A (sg13g2_nand2_1)
     1    0.00    0.03    0.03    0.53 ^ _0753_/Y (sg13g2_nand2_1)
                                         _0298_ (net)
                  0.03    0.00    0.53 ^ _0754_/B1 (sg13g2_o21ai_1)
     1    0.00    0.03    0.04    0.57 v _0754_/Y (sg13g2_o21ai_1)
                                         _0031_ (net)
                  0.03    0.00    0.57 v genblk1[0].pipe.result[15]$_DFFE_PP_/D (sg13g2_dfrbp_1)
                                  0.57   data arrival time

                          0.00    0.00   clock core_clock (rise edge)
                          0.00    0.00   clock source latency
     1    0.02    0.00    0.00    0.00 ^ clk (in)
                                         clk (net)
                  0.00    0.00    0.00 ^ clkbuf_0_clk/A (sg13g2_buf_8)
    16    0.33    0.17    0.16    0.16 ^ clkbuf_0_clk/X (sg13g2_buf_8)
                                         clknet_0_clk (net)
                  0.18    0.01    0.17 ^ clkbuf_4_3_0_clk/A (sg13g2_buf_16)
     5    0.02    0.03    0.12    0.29 ^ clkbuf_4_3_0_clk/X (sg13g2_buf_16)
                                         clknet_4_3_0_clk (net)
                  0.03    0.00    0.29 ^ genblk1[0].pipe.result[15]$_DFFE_PP_/CLK (sg13g2_dfrbp_1)
                          0.00    0.29   clock reconvergence pessimism
                         -0.03    0.26   library hold time
                                  0.26   data required time
-----------------------------------------------------------------------------
                                  0.26   data required time
                                 -0.57   data arrival time
-----------------------------------------------------------------------------
                                  0.31   slack (MET)



==========================================================================
finish report_checks -path_delay max
--------------------------------------------------------------------------
Startpoint: genblk1[1].pipe.this_query[30]$_SDFFE_PP0P_
            (rising edge-triggered flip-flop clocked by core_clock)
Endpoint: genblk1[1].pipe.result[12]$_DFFE_PP_
          (rising edge-triggered flip-flop clocked by core_clock)
Path Group: core_clock
Path Type: max

Fanout     Cap    Slew   Delay    Time   Description
-----------------------------------------------------------------------------
                          0.00    0.00   clock core_clock (rise edge)
                          0.00    0.00   clock source latency
     1    0.02    0.00    0.00    0.00 ^ clk (in)
                                         clk (net)
                  0.00    0.00    0.00 ^ clkbuf_0_clk/A (sg13g2_buf_8)
    16    0.33    0.17    0.16    0.16 ^ clkbuf_0_clk/X (sg13g2_buf_8)
                                         clknet_0_clk (net)
                  0.18    0.02    0.18 ^ clkbuf_4_7_0_clk/A (sg13g2_buf_16)
     5    0.02    0.03    0.12    0.31 ^ clkbuf_4_7_0_clk/X (sg13g2_buf_16)
                                         clknet_4_7_0_clk (net)
                  0.03    0.00    0.31 ^ genblk1[1].pipe.this_query[30]$_SDFFE_PP0P_/CLK (sg13g2_dfrbp_1)
     3    0.01    0.05    0.22    0.53 v genblk1[1].pipe.this_query[30]$_SDFFE_PP0P_/Q (sg13g2_dfrbp_1)
                                         genblk1[1].pipe.eps[0][30] (net)
                  0.05    0.00    0.53 v place260/A (sg13g2_buf_4)
     8    0.03    0.04    0.10    0.62 v place260/X (sg13g2_buf_4)
                                         net260 (net)
                  0.04    0.00    0.63 v _0775_/A (sg13g2_or4_1)
     1    0.00    0.04    0.20    0.82 v _0775_/X (sg13g2_or4_1)
                                         _0319_ (net)
                  0.04    0.00    0.82 v _0776_/A2 (sg13g2_a21oi_1)
     2    0.01    0.11    0.11    0.94 ^ _0776_/Y (sg13g2_a21oi_1)
                                         _0320_ (net)
                  0.11    0.00    0.94 ^ _0777_/C1 (sg13g2_a221oi_1)
     2    0.01    0.09    0.07    1.01 v _0777_/Y (sg13g2_a221oi_1)
                                         _0321_ (net)
                  0.09    0.00    1.01 v _0789_/A2 (sg13g2_o21ai_1)
     5    0.03    0.30    0.28    1.29 ^ _0789_/Y (sg13g2_o21ai_1)
                                         _0333_ (net)
                  0.30    0.00    1.29 ^ _0796_/S (sg13g2_mux2_1)
     1    0.00    0.04    0.23    1.52 v _0796_/X (sg13g2_mux2_1)
                                         _0340_ (net)
                  0.04    0.00    1.52 v _0798_/B2 (sg13g2_a221oi_1)
     2    0.01    0.16    0.17    1.69 ^ _0798_/Y (sg13g2_a221oi_1)
                                         _0342_ (net)
                  0.16    0.00    1.69 ^ _0800_/A2 (sg13g2_a21oi_1)
     1    0.00    0.06    0.10    1.79 v _0800_/Y (sg13g2_a21oi_1)
                                         _0344_ (net)
                  0.06    0.00    1.79 v _0832_/A1 (sg13g2_o21ai_1)
     1    0.00    0.08    0.11    1.90 ^ _0832_/Y (sg13g2_o21ai_1)
                                         _0376_ (net)
                  0.08    0.00    1.90 ^ _0840_/A0 (sg13g2_mux2_1)
     1    0.00    0.03    0.11    2.01 ^ _0840_/X (sg13g2_mux2_1)
                                         _0046_ (net)
                  0.03    0.00    2.01 ^ genblk1[1].pipe.result[12]$_DFFE_PP_/D (sg13g2_dfrbp_1)
                                  2.01   data arrival time

                          5.00    5.00   clock core_clock (rise edge)
                          0.00    5.00   clock source latency
     1    0.02    0.00    0.00    5.00 ^ clk (in)
                                         clk (net)
                  0.00    0.00    5.00 ^ clkbuf_0_clk/A (sg13g2_buf_8)
    16    0.33    0.17    0.16    5.16 ^ clkbuf_0_clk/X (sg13g2_buf_8)
                                         clknet_0_clk (net)
                  0.18    0.02    5.18 ^ clkbuf_4_15_0_clk/A (sg13g2_buf_16)
     5    0.02    0.03    0.12    5.30 ^ clkbuf_4_15_0_clk/X (sg13g2_buf_16)
                                         clknet_4_15_0_clk (net)
                  0.03    0.00    5.31 ^ genblk1[1].pipe.result[12]$_DFFE_PP_/CLK (sg13g2_dfrbp_1)
                          0.00    5.31   clock reconvergence pessimism
                         -0.11    5.19   library setup time
                                  5.19   data required time
-----------------------------------------------------------------------------
                                  5.19   data required time
                                 -2.01   data arrival time
-----------------------------------------------------------------------------
                                  3.19   slack (MET)



==========================================================================
finish report_checks -unconstrained
--------------------------------------------------------------------------
Startpoint: genblk1[1].pipe.this_query[30]$_SDFFE_PP0P_
            (rising edge-triggered flip-flop clocked by core_clock)
Endpoint: genblk1[1].pipe.result[12]$_DFFE_PP_
          (rising edge-triggered flip-flop clocked by core_clock)
Path Group: core_clock
Path Type: max

Fanout     Cap    Slew   Delay    Time   Description
-----------------------------------------------------------------------------
                          0.00    0.00   clock core_clock (rise edge)
                          0.00    0.00   clock source latency
     1    0.02    0.00    0.00    0.00 ^ clk (in)
                                         clk (net)
                  0.00    0.00    0.00 ^ clkbuf_0_clk/A (sg13g2_buf_8)
    16    0.33    0.17    0.16    0.16 ^ clkbuf_0_clk/X (sg13g2_buf_8)
                                         clknet_0_clk (net)
                  0.18    0.02    0.18 ^ clkbuf_4_7_0_clk/A (sg13g2_buf_16)
     5    0.02    0.03    0.12    0.31 ^ clkbuf_4_7_0_clk/X (sg13g2_buf_16)
                                         clknet_4_7_0_clk (net)
                  0.03    0.00    0.31 ^ genblk1[1].pipe.this_query[30]$_SDFFE_PP0P_/CLK (sg13g2_dfrbp_1)
     3    0.01    0.05    0.22    0.53 v genblk1[1].pipe.this_query[30]$_SDFFE_PP0P_/Q (sg13g2_dfrbp_1)
                                         genblk1[1].pipe.eps[0][30] (net)
                  0.05    0.00    0.53 v place260/A (sg13g2_buf_4)
     8    0.03    0.04    0.10    0.62 v place260/X (sg13g2_buf_4)
                                         net260 (net)
                  0.04    0.00    0.63 v _0775_/A (sg13g2_or4_1)
     1    0.00    0.04    0.20    0.82 v _0775_/X (sg13g2_or4_1)
                                         _0319_ (net)
                  0.04    0.00    0.82 v _0776_/A2 (sg13g2_a21oi_1)
     2    0.01    0.11    0.11    0.94 ^ _0776_/Y (sg13g2_a21oi_1)
                                         _0320_ (net)
                  0.11    0.00    0.94 ^ _0777_/C1 (sg13g2_a221oi_1)
     2    0.01    0.09    0.07    1.01 v _0777_/Y (sg13g2_a221oi_1)
                                         _0321_ (net)
                  0.09    0.00    1.01 v _0789_/A2 (sg13g2_o21ai_1)
     5    0.03    0.30    0.28    1.29 ^ _0789_/Y (sg13g2_o21ai_1)
                                         _0333_ (net)
                  0.30    0.00    1.29 ^ _0796_/S (sg13g2_mux2_1)
     1    0.00    0.04    0.23    1.52 v _0796_/X (sg13g2_mux2_1)
                                         _0340_ (net)
                  0.04    0.00    1.52 v _0798_/B2 (sg13g2_a221oi_1)
     2    0.01    0.16    0.17    1.69 ^ _0798_/Y (sg13g2_a221oi_1)
                                         _0342_ (net)
                  0.16    0.00    1.69 ^ _0800_/A2 (sg13g2_a21oi_1)
     1    0.00    0.06    0.10    1.79 v _0800_/Y (sg13g2_a21oi_1)
                                         _0344_ (net)
                  0.06    0.00    1.79 v _0832_/A1 (sg13g2_o21ai_1)
     1    0.00    0.08    0.11    1.90 ^ _0832_/Y (sg13g2_o21ai_1)
                                         _0376_ (net)
                  0.08    0.00    1.90 ^ _0840_/A0 (sg13g2_mux2_1)
     1    0.00    0.03    0.11    2.01 ^ _0840_/X (sg13g2_mux2_1)
                                         _0046_ (net)
                  0.03    0.00    2.01 ^ genblk1[1].pipe.result[12]$_DFFE_PP_/D (sg13g2_dfrbp_1)
                                  2.01   data arrival time

                          5.00    5.00   clock core_clock (rise edge)
                          0.00    5.00   clock source latency
     1    0.02    0.00    0.00    5.00 ^ clk (in)
                                         clk (net)
                  0.00    0.00    5.00 ^ clkbuf_0_clk/A (sg13g2_buf_8)
    16    0.33    0.17    0.16    5.16 ^ clkbuf_0_clk/X (sg13g2_buf_8)
                                         clknet_0_clk (net)
                  0.18    0.02    5.18 ^ clkbuf_4_15_0_clk/A (sg13g2_buf_16)
     5    0.02    0.03    0.12    5.30 ^ clkbuf_4_15_0_clk/X (sg13g2_buf_16)
                                         clknet_4_15_0_clk (net)
                  0.03    0.00    5.31 ^ genblk1[1].pipe.result[12]$_DFFE_PP_/CLK (sg13g2_dfrbp_1)
                          0.00    5.31   clock reconvergence pessimism
                         -0.11    5.19   library setup time
                                  5.19   data required time
-----------------------------------------------------------------------------
                                  5.19   data required time
                                 -2.01   data arrival time
-----------------------------------------------------------------------------
                                  3.19   slack (MET)



==========================================================================
finish report_check_types -max_slew -max_cap -max_fanout -violators
--------------------------------------------------------------------------
max fanout

Pin                                   Limit Fanout  Slack
---------------------------------------------------------
clkbuf_0_clk/X                            8     16     -8 (VIOLATED)


==========================================================================
finish max_slew_check_slack
--------------------------------------------------------------------------
2.0818533897399902

==========================================================================
finish max_slew_check_limit
--------------------------------------------------------------------------
2.5074000358581543

==========================================================================
finish max_slew_check_slack_limit
--------------------------------------------------------------------------
0.8303

==========================================================================
finish max_fanout_check_slack
--------------------------------------------------------------------------
-8.0

==========================================================================
finish max_fanout_check_limit
--------------------------------------------------------------------------
8.0

==========================================================================
finish max_fanout_check_slack_limit
--------------------------------------------------------------------------
-1.0000

==========================================================================
finish max_capacitance_check_slack
--------------------------------------------------------------------------
0.2595682144165039

==========================================================================
finish max_capacitance_check_limit
--------------------------------------------------------------------------
0.30000001192092896

==========================================================================
finish max_capacitance_check_slack_limit
--------------------------------------------------------------------------
0.8652

==========================================================================
finish max_slew_violation_count
--------------------------------------------------------------------------
max slew violation count 0

==========================================================================
finish max_fanout_violation_count
--------------------------------------------------------------------------
max fanout violation count 1

==========================================================================
finish max_cap_violation_count
--------------------------------------------------------------------------
max cap violation count 0

==========================================================================
finish setup_violation_count
--------------------------------------------------------------------------
setup violation count 0

==========================================================================
finish hold_violation_count
--------------------------------------------------------------------------
hold violation count 0

==========================================================================
finish report_checks -path_delay max reg to reg
--------------------------------------------------------------------------
Startpoint: genblk1[1].pipe.this_query[30]$_SDFFE_PP0P_
            (rising edge-triggered flip-flop clocked by core_clock)
Endpoint: genblk1[1].pipe.result[12]$_DFFE_PP_
          (rising edge-triggered flip-flop clocked by core_clock)
Path Group: core_clock
Path Type: max

  Delay    Time   Description
---------------------------------------------------------
   0.00    0.00   clock core_clock (rise edge)
   0.00    0.00   clock source latency
   0.00    0.00 ^ clk (in)
   0.16    0.16 ^ clkbuf_0_clk/X (sg13g2_buf_8)
   0.15    0.31 ^ clkbuf_4_7_0_clk/X (sg13g2_buf_16)
   0.00    0.31 ^ genblk1[1].pipe.this_query[30]$_SDFFE_PP0P_/CLK (sg13g2_dfrbp_1)
   0.22    0.53 v genblk1[1].pipe.this_query[30]$_SDFFE_PP0P_/Q (sg13g2_dfrbp_1)
   0.10    0.62 v place260/X (sg13g2_buf_4)
   0.20    0.82 v _0775_/X (sg13g2_or4_1)
   0.11    0.94 ^ _0776_/Y (sg13g2_a21oi_1)
   0.07    1.01 v _0777_/Y (sg13g2_a221oi_1)
   0.28    1.29 ^ _0789_/Y (sg13g2_o21ai_1)
   0.23    1.52 v _0796_/X (sg13g2_mux2_1)
   0.17    1.69 ^ _0798_/Y (sg13g2_a221oi_1)
   0.10    1.79 v _0800_/Y (sg13g2_a21oi_1)
   0.11    1.90 ^ _0832_/Y (sg13g2_o21ai_1)
   0.11    2.01 ^ _0840_/X (sg13g2_mux2_1)
   0.00    2.01 ^ genblk1[1].pipe.result[12]$_DFFE_PP_/D (sg13g2_dfrbp_1)
           2.01   data arrival time

   5.00    5.00   clock core_clock (rise edge)
   0.00    5.00   clock source latency
   0.00    5.00 ^ clk (in)
   0.16    5.16 ^ clkbuf_0_clk/X (sg13g2_buf_8)
   0.15    5.30 ^ clkbuf_4_15_0_clk/X (sg13g2_buf_16)
   0.00    5.31 ^ genblk1[1].pipe.result[12]$_DFFE_PP_/CLK (sg13g2_dfrbp_1)
   0.00    5.31   clock reconvergence pessimism
  -0.11    5.19   library setup time
           5.19   data required time
---------------------------------------------------------
           5.19   data required time
          -2.01   data arrival time
---------------------------------------------------------
           3.19   slack (MET)



==========================================================================
finish report_checks -path_delay min reg to reg
--------------------------------------------------------------------------
Startpoint: genblk1[0].pipe.result[15]$_DFFE_PP_
            (rising edge-triggered flip-flop clocked by core_clock)
Endpoint: genblk1[0].pipe.result[15]$_DFFE_PP_
          (rising edge-triggered flip-flop clocked by core_clock)
Path Group: core_clock
Path Type: min

  Delay    Time   Description
---------------------------------------------------------
   0.00    0.00   clock core_clock (rise edge)
   0.00    0.00   clock source latency
   0.00    0.00 ^ clk (in)
   0.16    0.16 ^ clkbuf_0_clk/X (sg13g2_buf_8)
   0.14    0.29 ^ clkbuf_4_3_0_clk/X (sg13g2_buf_16)
   0.00    0.29 ^ genblk1[0].pipe.result[15]$_DFFE_PP_/CLK (sg13g2_dfrbp_1)
   0.20    0.50 v genblk1[0].pipe.result[15]$_DFFE_PP_/Q (sg13g2_dfrbp_1)
   0.04    0.53 ^ _0753_/Y (sg13g2_nand2_1)
   0.04    0.57 v _0754_/Y (sg13g2_o21ai_1)
   0.00    0.57 v genblk1[0].pipe.result[15]$_DFFE_PP_/D (sg13g2_dfrbp_1)
           0.57   data arrival time

   0.00    0.00   clock core_clock (rise edge)
   0.00    0.00   clock source latency
   0.00    0.00 ^ clk (in)
   0.16    0.16 ^ clkbuf_0_clk/X (sg13g2_buf_8)
   0.14    0.29 ^ clkbuf_4_3_0_clk/X (sg13g2_buf_16)
   0.00    0.29 ^ genblk1[0].pipe.result[15]$_DFFE_PP_/CLK (sg13g2_dfrbp_1)
   0.00    0.29   clock reconvergence pessimism
  -0.03    0.26   library hold time
           0.26   data required time
---------------------------------------------------------
           0.26   data required time
          -0.57   data arrival time
---------------------------------------------------------
           0.31   slack (MET)



==========================================================================
finish critical path target clock latency max path
--------------------------------------------------------------------------
0.3060

==========================================================================
finish critical path target clock latency min path
--------------------------------------------------------------------------
0.2964

==========================================================================
finish critical path source clock latency min path
--------------------------------------------------------------------------
0.0000

==========================================================================
finish critical path delay
--------------------------------------------------------------------------
2.0070

==========================================================================
finish critical path slack
--------------------------------------------------------------------------
3.1875

==========================================================================
finish slack div critical path delay
--------------------------------------------------------------------------
158.819133

==========================================================================
finish report_power
--------------------------------------------------------------------------
Group                  Internal  Switching    Leakage      Total
                          Power      Power      Power      Power (Watts)
----------------------------------------------------------------
Sequential             1.03e-03   3.72e-05   3.89e-08   1.06e-03  51.2%
Combinational          1.74e-04   1.58e-04   1.05e-07   3.32e-04  16.0%
Clock                  4.86e-04   1.92e-04   7.01e-07   6.79e-04  32.7%
Macro                  0.00e+00   0.00e+00   0.00e+00   0.00e+00   0.0%
Pad                    0.00e+00   0.00e+00   0.00e+00   0.00e+00   0.0%
----------------------------------------------------------------
Total                  1.69e-03   3.87e-04   8.45e-07   2.07e-03 100.0%
                          81.3%      18.7%       0.0%
